  Determinando os projetos a serem restaurados...
  Todos os projetos est├úo atualizados para restaura├º├úo.
C:\Users\TopFama\Desktop\meus_projetos\botzap_com_IA\BotNormal\bot-whatsapp-csharp\Services\Logger.cs(16,55): error CS1513: } esperada [C:\Users\TopFama\Desktop\meus_projetos\botzap_com_IA\BotNormal\bot-whatsapp-csharp\BotWhatsappCSharp_1qmkjbnh_wpftmp.csproj]
C:\Users\TopFama\Desktop\meus_projetos\botzap_com_IA\BotNormal\bot-whatsapp-csharp\Services\Logger.cs(29,17): error CS1519: Token inv├ílido "lock" em uma declara├º├úo de membro [C:\Users\TopFama\Desktop\meus_projetos\botzap_com_IA\BotNormal\bot-whatsapp-csharp\BotWhatsappCSharp_1qmkjbnh_wpftmp.csproj]
C:\Users\TopFama\Desktop\meus_projetos\botzap_com_IA\BotNormal\bot-whatsapp-csharp\Services\Logger.cs(29,28): error CS8124: A tupla deve conter pelo menos dois elementos. [C:\Users\TopFama\Desktop\meus_projetos\botzap_com_IA\BotNormal\bot-whatsapp-csharp\BotWhatsappCSharp_1qmkjbnh_wpftmp.csproj]
C:\Users\TopFama\Desktop\meus_projetos\botzap_com_IA\BotNormal\bot-whatsapp-csharp\Services\Logger.cs(30,17): error CS1519: Token inv├ílido "{" em uma declara├º├úo de membro [C:\Users\TopFama\Desktop\meus_projetos\botzap_com_IA\BotNormal\bot-whatsapp-csharp\BotWhatsappCSharp_1qmkjbnh_wpftmp.csproj]
C:\Users\TopFama\Desktop\meus_projetos\botzap_com_IA\BotNormal\bot-whatsapp-csharp\Services\Logger.cs(31,39): error CS1519: Token inv├ílido "(" em uma declara├º├úo de membro [C:\Users\TopFama\Desktop\meus_projetos\botzap_com_IA\BotNormal\bot-whatsapp-csharp\BotWhatsappCSharp_1qmkjbnh_wpftmp.csproj]
C:\Users\TopFama\Desktop\meus_projetos\botzap_com_IA\BotNormal\bot-whatsapp-csharp\Services\Logger.cs(31,54): error CS1519: Token inv├ílido ";" em uma declara├º├úo de membro [C:\Users\TopFama\Desktop\meus_projetos\botzap_com_IA\BotNormal\bot-whatsapp-csharp\BotWhatsappCSharp_1qmkjbnh_wpftmp.csproj]
C:\Users\TopFama\Desktop\meus_projetos\botzap_com_IA\BotNormal\bot-whatsapp-csharp\Services\Logger.cs(33,13): error CS1022: Defini├º├úo de namespace ou tipo, ou final do arquivo esperado [C:\Users\TopFama\Desktop\meus_projetos\botzap_com_IA\BotNormal\bot-whatsapp-csharp\BotWhatsappCSharp_1qmkjbnh_wpftmp.csproj]
C:\Users\TopFama\Desktop\meus_projetos\botzap_com_IA\BotNormal\bot-whatsapp-csharp\Services\Logger.cs(34,9): error CS1022: Defini├º├úo de namespace ou tipo, ou final do arquivo esperado [C:\Users\TopFama\Desktop\meus_projetos\botzap_com_IA\BotNormal\bot-whatsapp-csharp\BotWhatsappCSharp_1qmkjbnh_wpftmp.csproj]
C:\Users\TopFama\Desktop\meus_projetos\botzap_com_IA\BotNormal\bot-whatsapp-csharp\Services\Logger.cs(36,9): error CS8803: As instru├º├Áes de n├¡vel superior precisam preceder as declara├º├Áes de namespace e de tipo. [C:\Users\TopFama\Desktop\meus_projetos\botzap_com_IA\BotNormal\bot-whatsapp-csharp\BotWhatsappCSharp_1qmkjbnh_wpftmp.csproj]
C:\Users\TopFama\Desktop\meus_projetos\botzap_com_IA\BotNormal\bot-whatsapp-csharp\Services\Logger.cs(36,9): error CS0106: O modificador "public" n├úo ├® v├ílido para este item [C:\Users\TopFama\Desktop\meus_projetos\botzap_com_IA\BotNormal\bot-whatsapp-csharp\BotWhatsappCSharp_1qmkjbnh_wpftmp.csproj]
C:\Users\TopFama\Desktop\meus_projetos\botzap_com_IA\BotNormal\bot-whatsapp-csharp\Services\Logger.cs(55,9): error CS0106: O modificador "public" n├úo ├® v├ílido para este item [C:\Users\TopFama\Desktop\meus_projetos\botzap_com_IA\BotNormal\bot-whatsapp-csharp\BotWhatsappCSharp_1qmkjbnh_wpftmp.csproj]
C:\Users\TopFama\Desktop\meus_projetos\botzap_com_IA\BotNormal\bot-whatsapp-csharp\Services\Logger.cs(64,5): error CS1022: Defini├º├úo de namespace ou tipo, ou final do arquivo esperado [C:\Users\TopFama\Desktop\meus_projetos\botzap_com_IA\BotNormal\bot-whatsapp-csharp\BotWhatsappCSharp_1qmkjbnh_wpftmp.csproj]
C:\Users\TopFama\Desktop\meus_projetos\botzap_com_IA\BotNormal\bot-whatsapp-csharp\Services\Logger.cs(65,1): error CS1022: Defini├º├úo de namespace ou tipo, ou final do arquivo esperado [C:\Users\TopFama\Desktop\meus_projetos\botzap_com_IA\BotNormal\bot-whatsapp-csharp\BotWhatsappCSharp_1qmkjbnh_wpftmp.csproj]

FALHA da compila├º├úo.

C:\Users\TopFama\Desktop\meus_projetos\botzap_com_IA\BotNormal\bot-whatsapp-csharp\Services\Logger.cs(16,55): error CS1513: } esperada [C:\Users\TopFama\Desktop\meus_projetos\botzap_com_IA\BotNormal\bot-whatsapp-csharp\BotWhatsappCSharp_1qmkjbnh_wpftmp.csproj]
C:\Users\TopFama\Desktop\meus_projetos\botzap_com_IA\BotNormal\bot-whatsapp-csharp\Services\Logger.cs(29,17): error CS1519: Token inv├ílido "lock" em uma declara├º├úo de membro [C:\Users\TopFama\Desktop\meus_projetos\botzap_com_IA\BotNormal\bot-whatsapp-csharp\BotWhatsappCSharp_1qmkjbnh_wpftmp.csproj]
C:\Users\TopFama\Desktop\meus_projetos\botzap_com_IA\BotNormal\bot-whatsapp-csharp\Services\Logger.cs(29,28): error CS8124: A tupla deve conter pelo menos dois elementos. [C:\Users\TopFama\Desktop\meus_projetos\botzap_com_IA\BotNormal\bot-whatsapp-csharp\BotWhatsappCSharp_1qmkjbnh_wpftmp.csproj]
C:\Users\TopFama\Desktop\meus_projetos\botzap_com_IA\BotNormal\bot-whatsapp-csharp\Services\Logger.cs(30,17): error CS1519: Token inv├ílido "{" em uma declara├º├úo de membro [C:\Users\TopFama\Desktop\meus_projetos\botzap_com_IA\BotNormal\bot-whatsapp-csharp\BotWhatsappCSharp_1qmkjbnh_wpftmp.csproj]
C:\Users\TopFama\Desktop\meus_projetos\botzap_com_IA\BotNormal\bot-whatsapp-csharp\Services\Logger.cs(31,39): error CS1519: Token inv├ílido "(" em uma declara├º├úo de membro [C:\Users\TopFama\Desktop\meus_projetos\botzap_com_IA\BotNormal\bot-whatsapp-csharp\BotWhatsappCSharp_1qmkjbnh_wpftmp.csproj]
C:\Users\TopFama\Desktop\meus_projetos\botzap_com_IA\BotNormal\bot-whatsapp-csharp\Services\Logger.cs(31,54): error CS1519: Token inv├ílido ";" em uma declara├º├úo de membro [C:\Users\TopFama\Desktop\meus_projetos\botzap_com_IA\BotNormal\bot-whatsapp-csharp\BotWhatsappCSharp_1qmkjbnh_wpftmp.csproj]
C:\Users\TopFama\Desktop\meus_projetos\botzap_com_IA\BotNormal\bot-whatsapp-csharp\Services\Logger.cs(33,13): error CS1022: Defini├º├úo de namespace ou tipo, ou final do arquivo esperado [C:\Users\TopFama\Desktop\meus_projetos\botzap_com_IA\BotNormal\bot-whatsapp-csharp\BotWhatsappCSharp_1qmkjbnh_wpftmp.csproj]
C:\Users\TopFama\Desktop\meus_projetos\botzap_com_IA\BotNormal\bot-whatsapp-csharp\Services\Logger.cs(34,9): error CS1022: Defini├º├úo de namespace ou tipo, ou final do arquivo esperado [C:\Users\TopFama\Desktop\meus_projetos\botzap_com_IA\BotNormal\bot-whatsapp-csharp\BotWhatsappCSharp_1qmkjbnh_wpftmp.csproj]
C:\Users\TopFama\Desktop\meus_projetos\botzap_com_IA\BotNormal\bot-whatsapp-csharp\Services\Logger.cs(36,9): error CS8803: As instru├º├Áes de n├¡vel superior precisam preceder as declara├º├Áes de namespace e de tipo. [C:\Users\TopFama\Desktop\meus_projetos\botzap_com_IA\BotNormal\bot-whatsapp-csharp\BotWhatsappCSharp_1qmkjbnh_wpftmp.csproj]
C:\Users\TopFama\Desktop\meus_projetos\botzap_com_IA\BotNormal\bot-whatsapp-csharp\Services\Logger.cs(36,9): error CS0106: O modificador "public" n├úo ├® v├ílido para este item [C:\Users\TopFama\Desktop\meus_projetos\botzap_com_IA\BotNormal\bot-whatsapp-csharp\BotWhatsappCSharp_1qmkjbnh_wpftmp.csproj]
C:\Users\TopFama\Desktop\meus_projetos\botzap_com_IA\BotNormal\bot-whatsapp-csharp\Services\Logger.cs(55,9): error CS0106: O modificador "public" n├úo ├® v├ílido para este item [C:\Users\TopFama\Desktop\meus_projetos\botzap_com_IA\BotNormal\bot-whatsapp-csharp\BotWhatsappCSharp_1qmkjbnh_wpftmp.csproj]
C:\Users\TopFama\Desktop\meus_projetos\botzap_com_IA\BotNormal\bot-whatsapp-csharp\Services\Logger.cs(64,5): error CS1022: Defini├º├úo de namespace ou tipo, ou final do arquivo esperado [C:\Users\TopFama\Desktop\meus_projetos\botzap_com_IA\BotNormal\bot-whatsapp-csharp\BotWhatsappCSharp_1qmkjbnh_wpftmp.csproj]
C:\Users\TopFama\Desktop\meus_projetos\botzap_com_IA\BotNormal\bot-whatsapp-csharp\Services\Logger.cs(65,1): error CS1022: Defini├º├úo de namespace ou tipo, ou final do arquivo esperado [C:\Users\TopFama\Desktop\meus_projetos\botzap_com_IA\BotNormal\bot-whatsapp-csharp\BotWhatsappCSharp_1qmkjbnh_wpftmp.csproj]
    0 Aviso(s)
    13 Erro(s)

Tempo Decorrido 00:00:03.21
